2025-08-31 22:53:11.884 | INFO     | obscam.common.logging_config:setup_logging:71 | {'log_dir': '/Users/gheadley/nas/develop/python/obscam/logs', 'debug_mode': False, 'console_level': 'INFO'} | Logging initialized
2025-08-31 22:53:11.884 | INFO     | obscam:main:20 | {'module': 'main'} | Starting ObsCam with debug_mode=False
2025-08-31 22:53:11.993 | INFO     | obscam.core.camera_factory:get_backend_service:48 | {'module': 'camera_factory'} | Using ZWO ASI camera implementation (production mode)
2025-08-31 22:53:12.018 | ERROR    | obscam:main:33 | {'module': 'main'} | Unexpected error: Failed to initialize ZWO ASI SDK: ZWO ASI SDK library not found. Set ZWO_ASI_LIB environment variable or provide library_path
2025-08-31 22:53:12.025 | WARNING  | obscam.core.capture_loop:_capture_worker:168 | {'module': 'capture_loop'} | Frame capture returned no data
2025-08-31 22:53:12.250 | WARNING  | obscam.core.capture_loop:_capture_worker:168 | {'module': 'capture_loop'} | Frame capture returned no data
2025-08-31 22:53:12.473 | WARNING  | obscam.core.capture_loop:_capture_worker:168 | {'module': 'capture_loop'} | Frame capture returned no data
2025-08-31 22:53:12.697 | WARNING  | obscam.core.capture_loop:_capture_worker:168 | {'module': 'capture_loop'} | Frame capture returned no data
2025-08-31 22:53:12.923 | WARNING  | obscam.core.capture_loop:_capture_worker:168 | {'module': 'capture_loop'} | Frame capture returned no data
2025-08-31 22:53:13.148 | WARNING  | obscam.core.capture_loop:_capture_worker:168 | {'module': 'capture_loop'} | Frame capture returned no data
2025-08-31 22:53:13.371 | WARNING  | obscam.core.capture_loop:_capture_worker:168 | {'module': 'capture_loop'} | Frame capture returned no data
2025-08-31 22:53:13.595 | WARNING  | obscam.core.capture_loop:_capture_worker:168 | {'module': 'capture_loop'} | Frame capture returned no data
2025-08-31 22:53:13.820 | WARNING  | obscam.core.capture_loop:_capture_worker:168 | {'module': 'capture_loop'} | Frame capture returned no data
2025-08-31 22:53:14.045 | WARNING  | obscam.core.capture_loop:_capture_worker:168 | {'module': 'capture_loop'} | Frame capture returned no data
2025-08-31 22:53:14.270 | WARNING  | obscam.core.capture_loop:_capture_worker:168 | {'module': 'capture_loop'} | Frame capture returned no data
2025-08-31 22:53:14.496 | WARNING  | obscam.core.capture_loop:_capture_worker:168 | {'module': 'capture_loop'} | Frame capture returned no data
2025-08-31 22:53:14.722 | WARNING  | obscam.core.capture_loop:_capture_worker:168 | {'module': 'capture_loop'} | Frame capture returned no data
2025-08-31 22:53:14.945 | WARNING  | obscam.core.capture_loop:_capture_worker:168 | {'module': 'capture_loop'} | Frame capture returned no data
2025-08-31 22:53:15.171 | WARNING  | obscam.core.capture_loop:_capture_worker:168 | {'module': 'capture_loop'} | Frame capture returned no data
2025-08-31 22:53:15.396 | WARNING  | obscam.core.capture_loop:_capture_worker:168 | {'module': 'capture_loop'} | Frame capture returned no data
2025-08-31 22:53:15.618 | WARNING  | obscam.core.capture_loop:_capture_worker:168 | {'module': 'capture_loop'} | Frame capture returned no data
2025-08-31 22:53:15.839 | WARNING  | obscam.core.capture_loop:_capture_worker:168 | {'module': 'capture_loop'} | Frame capture returned no data
2025-08-31 22:53:16.064 | WARNING  | obscam.core.capture_loop:_capture_worker:168 | {'module': 'capture_loop'} | Frame capture returned no data
2025-08-31 22:53:16.287 | WARNING  | obscam.core.capture_loop:_capture_worker:168 | {'module': 'capture_loop'} | Frame capture returned no data
2025-08-31 22:53:16.381 | INFO     | obscam.common.logging_config:setup_logging:71 | {'log_dir': '/Users/gheadley/nas/develop/python/obscam/logs', 'debug_mode': False, 'console_level': 'INFO'} | Logging initialized
2025-08-31 22:53:16.381 | INFO     | obscam:main:20 | {'module': 'main'} | Starting ObsCam with debug_mode=False
2025-08-31 22:53:16.486 | INFO     | obscam.core.camera_factory:get_backend_service:43 | {'module': 'camera_factory'} | Using gphoto2 camera implementation (development mode)
2025-08-31 22:53:16.498 | INFO     | obscam.core.capture_loop:__init__:31 | {'module': 'capture_loop'} | Capture loop initialized
2025-08-31 22:53:16.498 | INFO     | obscam.storage.settings_manager:__init__:30 | {'module': 'settings_manager', 'settings_file': '/tmp/obscam/obscam_settings.json'} | Settings manager initialized
2025-08-31 22:53:16.498 | INFO     | obscam.core.backend_service:__init__:42 | {'module': 'backend_service', 'camera_type': 'Gphoto2Camera', 'cache_dir': '/tmp/obscam'} | Backend service initialized
2025-08-31 22:53:16.498 | INFO     | obscam.core.camera_factory:get_backend_service:54 | {'module': 'camera_factory', 'cache_dir': '/tmp/obscam'} | Backend service created
2025-08-31 22:53:16.498 | INFO     | obscam.api.main:start_server:555 | {'module': 'api_main'} | Starting backend service...
2025-08-31 22:53:16.498 | INFO     | obscam.core.backend_service:start_backend:54 | {'module': 'backend_service'} | Starting camera backend service
2025-08-31 22:53:16.499 | INFO     | obscam.storage.settings_manager:start:44 | {'module': 'settings_manager'} | Settings save worker started
2025-08-31 22:53:16.509 | WARNING  | obscam.core.capture_loop:_capture_worker:168 | {'module': 'capture_loop'} | Frame capture returned no data
2025-08-31 22:53:16.618 | INFO     | obscam.common.logging_config:log_camera_event:114 | {'event_type': 'connected', 'camera_status': {'status': 'connected', 'camera_model': 'Nikon Zf (via gphoto2)', 'is_color_camera': True, 'current_exposure_ms': 200.0, 'current_gain': 100, 'image_format': 'color', 'shutter_mode': 'Bulb'}} | Camera event
2025-08-31 22:53:16.618 | INFO     | obscam.storage.settings_manager:load_settings:62 | {'module': 'settings_manager', 'settings': {'exposure_ms': 200.0, 'gain': 100, 'wb_r': 100, 'wb_b': 100, 'image_format': 'color', 'timestamp': 1756676767.197595}} | Settings loaded successfully
2025-08-31 22:53:16.619 | INFO     | obscam.core.backend_service:start_backend:72 | {'module': 'backend_service', 'settings': {'exposure_ms': 200.0, 'gain': 100, 'wb_r': 100, 'wb_b': 100, 'image_format': 'color', 'timestamp': 1756676767.197595}} | Applying cached settings
2025-08-31 22:53:16.621 | INFO     | obscam.common.logging_config:log_camera_event:114 | {'event_type': 'settings_applied', 'settings': {'exposure_ms': 200.0, 'gain': 100, 'wb_r': 100, 'wb_b': 100, 'image_format': 'color', 'timestamp': 1756676767.197595}} | Camera event
2025-08-31 22:53:16.623 | INFO     | obscam.core.capture_loop:_capture_worker:107 | {'module': 'capture_loop'} | Capture loop thread started
2025-08-31 22:53:16.623 | INFO     | obscam.common.logging_config:log_camera_event:114 | {'event_type': 'capture_loop_started'} | Camera event
2025-08-31 22:53:16.623 | INFO     | obscam.core.backend_service:start_backend:87 | {'module': 'backend_service'} | Backend service started successfully
2025-08-31 22:53:16.623 | INFO     | obscam.common.logging_config:log_camera_event:114 | {'event_type': 'backend_started', 'status': {'backend_service': 'running', 'continuous_capture': True, 'has_frame': False, 'status': 'connected', 'camera_model': 'Nikon Zf (via gphoto2)', 'is_color_camera': True, 'current_exposure_ms': 200.0, 'current_gain': 100, 'image_format': 'color', 'shutter_mode': 'Unknown'}} | Camera event
2025-08-31 22:53:16.623 | INFO     | obscam.api.main:start_server:557 | {'module': 'api_main'} | Backend service started successfully!
2025-08-31 22:53:16.623 | INFO     | obscam.api.main:start_server:558 | {'module': 'api_main'} | Available endpoints:
2025-08-31 22:53:16.623 | INFO     | obscam.api.main:start_server:559 | {'module': 'api_main'} |   - Main page: http://localhost:8000/
2025-08-31 22:53:16.623 | INFO     | obscam.api.main:start_server:560 | {'module': 'api_main'} |   - Latest frame: http://localhost:8000/api/latest-frame
2025-08-31 22:53:16.623 | INFO     | obscam.api.main:start_server:561 | {'module': 'api_main'} |   - Update settings: POST http://localhost:8000/api/update-settings
2025-08-31 22:53:16.623 | INFO     | obscam.api.main:start_server:564 | {'module': 'api_main'} |   - Status: http://localhost:8000/api/status
2025-08-31 22:53:16.623 | INFO     | obscam.api.main:start_server:569 | {'module': 'api_main'} | Starting web server on port 8000...
2025-08-31 22:53:16.623 | INFO     | obscam.api.main:start_server:570 | {'module': 'api_main'} | Press Ctrl+C to shut down gracefully
2025-08-31 22:53:16.631 | INFO     | obscam.api.main:shutdown:56 | {'module': 'api_main'} | FastAPI shutdown event triggered
2025-08-31 22:53:16.734 | WARNING  | obscam.core.capture_loop:_capture_worker:168 | {'module': 'capture_loop'} | Frame capture returned no data
2025-08-31 22:53:16.961 | WARNING  | obscam.core.capture_loop:_capture_worker:168 | {'module': 'capture_loop'} | Frame capture returned no data
2025-08-31 22:53:17.132 | INFO     | obscam.api.main:shutdown:60 | {'module': 'api_main'} | FastAPI shutdown cleanup completed
2025-08-31 22:53:17.132 | INFO     | obscam.api.main:start_server:576 | {'module': 'api_main'} | Shutting down backend service...
2025-08-31 22:53:17.133 | INFO     | obscam.core.backend_service:shutdown_gracefully:240 | {'module': 'backend_service'} | Performing graceful shutdown of backend service
2025-08-31 22:53:17.133 | INFO     | obscam.storage.settings_manager:_save_settings_to_disk:125 | {'module': 'settings_manager', 'settings': {'exposure_ms': 200.0, 'gain': 100, 'wb_r': 100, 'wb_b': 100, 'image_format': 'color', 'timestamp': 1756677196.498604}} | Settings saved successfully
2025-08-31 22:53:17.133 | INFO     | obscam.core.backend_service:shutdown_gracefully:246 | {'module': 'backend_service'} | Settings saved successfully during shutdown
2025-08-31 22:53:17.133 | INFO     | obscam.core.backend_service:stop_backend:96 | {'module': 'backend_service'} | Stopping backend service
2025-08-31 22:53:17.133 | INFO     | obscam.core.capture_loop:stop:57 | {'module': 'capture_loop'} | Stopping capture loop...
2025-08-31 22:53:17.185 | WARNING  | obscam.core.capture_loop:_capture_worker:168 | {'module': 'capture_loop'} | Frame capture returned no data
2025-08-31 22:53:17.410 | WARNING  | obscam.core.capture_loop:_capture_worker:168 | {'module': 'capture_loop'} | Frame capture returned no data
2025-08-31 22:53:17.636 | WARNING  | obscam.core.capture_loop:_capture_worker:168 | {'module': 'capture_loop'} | Frame capture returned no data
2025-08-31 22:53:17.857 | WARNING  | obscam.core.capture_loop:_capture_worker:168 | {'module': 'capture_loop'} | Frame capture returned no data
2025-08-31 22:53:17.959 | WARNING  | obscam.core.capture_loop:_capture_worker:168 | {'module': 'capture_loop'} | Frame capture returned no data
2025-08-31 22:53:17.972 | INFO     | obscam.core.capture_loop:_capture_worker:218 | {'module': 'capture_loop', 'final_frame_count': 0} | Capture loop thread ended
2025-08-31 22:53:17.972 | INFO     | obscam.core.capture_loop:stop:70 | {'module': 'capture_loop'} | Capture thread stopped successfully
2025-08-31 22:53:17.972 | INFO     | obscam.common.logging_config:log_camera_event:114 | {'event_type': 'capture_loop_stopped'} | Camera event
2025-08-31 22:53:17.983 | INFO     | obscam.storage.settings_manager:stop:54 | {'module': 'settings_manager'} | Settings save worker stopped
2025-08-31 22:53:17.983 | INFO     | obscam.common.logging_config:log_camera_event:114 | {'event_type': 'backend_stopped'} | Camera event
2025-08-31 22:53:17.983 | INFO     | obscam.core.backend_service:shutdown_gracefully:252 | {'module': 'backend_service'} | Backend service graceful shutdown completed
2025-08-31 22:53:17.983 | INFO     | obscam.api.main:start_server:578 | {'module': 'api_main'} | Shutdown complete. Goodbye!
2025-08-31 22:53:18.082 | WARNING  | obscam.core.capture_loop:_capture_worker:168 | {'module': 'capture_loop'} | Frame capture returned no data
2025-08-31 22:53:18.308 | WARNING  | obscam.core.capture_loop:_capture_worker:168 | {'module': 'capture_loop'} | Frame capture returned no data
2025-08-31 22:53:18.532 | WARNING  | obscam.core.capture_loop:_capture_worker:168 | {'module': 'capture_loop'} | Frame capture returned no data
2025-08-31 22:53:18.753 | WARNING  | obscam.core.capture_loop:_capture_worker:168 | {'module': 'capture_loop'} | Frame capture returned no data
2025-08-31 22:53:18.979 | WARNING  | obscam.core.capture_loop:_capture_worker:168 | {'module': 'capture_loop'} | Frame capture returned no data
2025-08-31 22:53:19.202 | WARNING  | obscam.core.capture_loop:_capture_worker:168 | {'module': 'capture_loop'} | Frame capture returned no data
2025-08-31 22:53:19.426 | WARNING  | obscam.core.capture_loop:_capture_worker:168 | {'module': 'capture_loop'} | Frame capture returned no data
2025-08-31 22:53:19.651 | WARNING  | obscam.core.capture_loop:_capture_worker:168 | {'module': 'capture_loop'} | Frame capture returned no data
2025-08-31 22:53:19.872 | WARNING  | obscam.core.capture_loop:_capture_worker:168 | {'module': 'capture_loop'} | Frame capture returned no data
2025-08-31 22:53:20.098 | WARNING  | obscam.core.capture_loop:_capture_worker:168 | {'module': 'capture_loop'} | Frame capture returned no data
2025-08-31 22:53:20.323 | WARNING  | obscam.core.capture_loop:_capture_worker:168 | {'module': 'capture_loop'} | Frame capture returned no data
2025-08-31 22:53:20.548 | WARNING  | obscam.core.capture_loop:_capture_worker:168 | {'module': 'capture_loop'} | Frame capture returned no data
2025-08-31 22:53:20.774 | WARNING  | obscam.core.capture_loop:_capture_worker:168 | {'module': 'capture_loop'} | Frame capture returned no data
2025-08-31 22:53:20.997 | WARNING  | obscam.core.capture_loop:_capture_worker:168 | {'module': 'capture_loop'} | Frame capture returned no data
2025-08-31 22:53:21.223 | WARNING  | obscam.core.capture_loop:_capture_worker:168 | {'module': 'capture_loop'} | Frame capture returned no data
2025-08-31 22:53:21.449 | WARNING  | obscam.core.capture_loop:_capture_worker:168 | {'module': 'capture_loop'} | Frame capture returned no data
2025-08-31 22:53:21.673 | WARNING  | obscam.core.capture_loop:_capture_worker:168 | {'module': 'capture_loop'} | Frame capture returned no data
2025-08-31 22:53:21.898 | WARNING  | obscam.core.capture_loop:_capture_worker:168 | {'module': 'capture_loop'} | Frame capture returned no data
2025-08-31 22:53:22.124 | WARNING  | obscam.core.capture_loop:_capture_worker:168 | {'module': 'capture_loop'} | Frame capture returned no data
2025-08-31 22:53:22.349 | WARNING  | obscam.core.capture_loop:_capture_worker:168 | {'module': 'capture_loop'} | Frame capture returned no data
2025-08-31 22:53:22.575 | WARNING  | obscam.core.capture_loop:_capture_worker:168 | {'module': 'capture_loop'} | Frame capture returned no data
2025-08-31 22:53:22.800 | WARNING  | obscam.core.capture_loop:_capture_worker:168 | {'module': 'capture_loop'} | Frame capture returned no data
2025-08-31 22:53:23.024 | WARNING  | obscam.core.capture_loop:_capture_worker:168 | {'module': 'capture_loop'} | Frame capture returned no data
2025-08-31 22:53:23.248 | WARNING  | obscam.core.capture_loop:_capture_worker:168 | {'module': 'capture_loop'} | Frame capture returned no data
2025-08-31 22:53:23.474 | WARNING  | obscam.core.capture_loop:_capture_worker:168 | {'module': 'capture_loop'} | Frame capture returned no data
2025-08-31 22:53:23.699 | WARNING  | obscam.core.capture_loop:_capture_worker:168 | {'module': 'capture_loop'} | Frame capture returned no data
2025-08-31 22:53:23.921 | WARNING  | obscam.core.capture_loop:_capture_worker:168 | {'module': 'capture_loop'} | Frame capture returned no data
2025-08-31 22:53:24.141 | WARNING  | obscam.core.capture_loop:_capture_worker:168 | {'module': 'capture_loop'} | Frame capture returned no data
2025-08-31 22:53:24.367 | WARNING  | obscam.core.capture_loop:_capture_worker:168 | {'module': 'capture_loop'} | Frame capture returned no data
2025-08-31 22:53:24.592 | WARNING  | obscam.core.capture_loop:_capture_worker:168 | {'module': 'capture_loop'} | Frame capture returned no data
2025-08-31 22:53:24.816 | WARNING  | obscam.core.capture_loop:_capture_worker:168 | {'module': 'capture_loop'} | Frame capture returned no data
2025-08-31 22:53:25.041 | WARNING  | obscam.core.capture_loop:_capture_worker:168 | {'module': 'capture_loop'} | Frame capture returned no data
2025-08-31 22:53:25.267 | WARNING  | obscam.core.capture_loop:_capture_worker:168 | {'module': 'capture_loop'} | Frame capture returned no data
2025-08-31 22:53:25.494 | WARNING  | obscam.core.capture_loop:_capture_worker:168 | {'module': 'capture_loop'} | Frame capture returned no data
2025-08-31 22:53:25.719 | WARNING  | obscam.core.capture_loop:_capture_worker:168 | {'module': 'capture_loop'} | Frame capture returned no data
2025-08-31 22:53:25.942 | WARNING  | obscam.core.capture_loop:_capture_worker:168 | {'module': 'capture_loop'} | Frame capture returned no data
2025-08-31 22:53:26.165 | WARNING  | obscam.core.capture_loop:_capture_worker:168 | {'module': 'capture_loop'} | Frame capture returned no data
2025-08-31 22:53:26.391 | WARNING  | obscam.core.capture_loop:_capture_worker:168 | {'module': 'capture_loop'} | Frame capture returned no data
2025-08-31 22:53:26.615 | WARNING  | obscam.core.capture_loop:_capture_worker:168 | {'module': 'capture_loop'} | Frame capture returned no data
2025-08-31 22:53:26.835 | WARNING  | obscam.core.capture_loop:_capture_worker:168 | {'module': 'capture_loop'} | Frame capture returned no data
2025-08-31 22:53:27.061 | WARNING  | obscam.core.capture_loop:_capture_worker:168 | {'module': 'capture_loop'} | Frame capture returned no data
2025-08-31 22:53:27.287 | WARNING  | obscam.core.capture_loop:_capture_worker:168 | {'module': 'capture_loop'} | Frame capture returned no data
2025-08-31 22:53:27.512 | WARNING  | obscam.core.capture_loop:_capture_worker:168 | {'module': 'capture_loop'} | Frame capture returned no data
2025-08-31 22:53:27.737 | WARNING  | obscam.core.capture_loop:_capture_worker:168 | {'module': 'capture_loop'} | Frame capture returned no data
2025-08-31 22:53:27.958 | WARNING  | obscam.core.capture_loop:_capture_worker:168 | {'module': 'capture_loop'} | Frame capture returned no data
2025-08-31 22:53:28.184 | WARNING  | obscam.core.capture_loop:_capture_worker:168 | {'module': 'capture_loop'} | Frame capture returned no data
2025-08-31 22:53:28.409 | WARNING  | obscam.core.capture_loop:_capture_worker:168 | {'module': 'capture_loop'} | Frame capture returned no data
2025-08-31 22:53:28.635 | WARNING  | obscam.core.capture_loop:_capture_worker:168 | {'module': 'capture_loop'} | Frame capture returned no data
2025-08-31 22:53:28.859 | WARNING  | obscam.core.capture_loop:_capture_worker:168 | {'module': 'capture_loop'} | Frame capture returned no data
2025-08-31 22:53:29.085 | WARNING  | obscam.core.capture_loop:_capture_worker:168 | {'module': 'capture_loop'} | Frame capture returned no data
2025-08-31 22:53:29.308 | WARNING  | obscam.core.capture_loop:_capture_worker:168 | {'module': 'capture_loop'} | Frame capture returned no data
2025-08-31 22:53:29.534 | WARNING  | obscam.core.capture_loop:_capture_worker:168 | {'module': 'capture_loop'} | Frame capture returned no data
2025-08-31 22:53:29.759 | WARNING  | obscam.core.capture_loop:_capture_worker:168 | {'module': 'capture_loop'} | Frame capture returned no data
2025-08-31 22:53:29.983 | WARNING  | obscam.core.capture_loop:_capture_worker:168 | {'module': 'capture_loop'} | Frame capture returned no data
2025-08-31 22:53:29.984 | INFO     | obscam.common.logging_config:log_performance:99 | {'function': 'continuous_capture', 'duration_ms': 0.0, 'frames_captured': 0, 'error_count': 0, 'fps': 0.0} | Performance metric
2025-08-31 22:53:30.210 | WARNING  | obscam.core.capture_loop:_capture_worker:168 | {'module': 'capture_loop'} | Frame capture returned no data
2025-08-31 22:53:30.433 | WARNING  | obscam.core.capture_loop:_capture_worker:168 | {'module': 'capture_loop'} | Frame capture returned no data
2025-08-31 22:53:30.658 | WARNING  | obscam.core.capture_loop:_capture_worker:168 | {'module': 'capture_loop'} | Frame capture returned no data
2025-08-31 22:53:30.882 | WARNING  | obscam.core.capture_loop:_capture_worker:168 | {'module': 'capture_loop'} | Frame capture returned no data
2025-08-31 22:53:31.108 | WARNING  | obscam.core.capture_loop:_capture_worker:168 | {'module': 'capture_loop'} | Frame capture returned no data
2025-08-31 22:53:31.333 | WARNING  | obscam.core.capture_loop:_capture_worker:168 | {'module': 'capture_loop'} | Frame capture returned no data
2025-08-31 22:53:31.559 | WARNING  | obscam.core.capture_loop:_capture_worker:168 | {'module': 'capture_loop'} | Frame capture returned no data
2025-08-31 22:53:31.785 | WARNING  | obscam.core.capture_loop:_capture_worker:168 | {'module': 'capture_loop'} | Frame capture returned no data
2025-08-31 22:53:32.007 | WARNING  | obscam.core.capture_loop:_capture_worker:168 | {'module': 'capture_loop'} | Frame capture returned no data
2025-08-31 22:53:32.232 | WARNING  | obscam.core.capture_loop:_capture_worker:168 | {'module': 'capture_loop'} | Frame capture returned no data
2025-08-31 22:53:32.458 | WARNING  | obscam.core.capture_loop:_capture_worker:168 | {'module': 'capture_loop'} | Frame capture returned no data
2025-08-31 22:53:32.679 | WARNING  | obscam.core.capture_loop:_capture_worker:168 | {'module': 'capture_loop'} | Frame capture returned no data
2025-08-31 22:53:32.904 | WARNING  | obscam.core.capture_loop:_capture_worker:168 | {'module': 'capture_loop'} | Frame capture returned no data
2025-08-31 22:53:33.125 | WARNING  | obscam.core.capture_loop:_capture_worker:168 | {'module': 'capture_loop'} | Frame capture returned no data
2025-08-31 22:53:33.350 | WARNING  | obscam.core.capture_loop:_capture_worker:168 | {'module': 'capture_loop'} | Frame capture returned no data
2025-08-31 22:53:33.576 | WARNING  | obscam.core.capture_loop:_capture_worker:168 | {'module': 'capture_loop'} | Frame capture returned no data
2025-08-31 22:53:33.802 | WARNING  | obscam.core.capture_loop:_capture_worker:168 | {'module': 'capture_loop'} | Frame capture returned no data
2025-08-31 22:53:34.025 | WARNING  | obscam.core.capture_loop:_capture_worker:168 | {'module': 'capture_loop'} | Frame capture returned no data
2025-08-31 22:53:34.250 | WARNING  | obscam.core.capture_loop:_capture_worker:168 | {'module': 'capture_loop'} | Frame capture returned no data
2025-08-31 22:53:34.475 | WARNING  | obscam.core.capture_loop:_capture_worker:168 | {'module': 'capture_loop'} | Frame capture returned no data
2025-08-31 22:53:34.701 | WARNING  | obscam.core.capture_loop:_capture_worker:168 | {'module': 'capture_loop'} | Frame capture returned no data
2025-08-31 22:53:34.925 | WARNING  | obscam.core.capture_loop:_capture_worker:168 | {'module': 'capture_loop'} | Frame capture returned no data
2025-08-31 22:53:35.151 | WARNING  | obscam.core.capture_loop:_capture_worker:168 | {'module': 'capture_loop'} | Frame capture returned no data
2025-08-31 22:53:35.374 | WARNING  | obscam.core.capture_loop:_capture_worker:168 | {'module': 'capture_loop'} | Frame capture returned no data
2025-08-31 22:53:35.600 | WARNING  | obscam.core.capture_loop:_capture_worker:168 | {'module': 'capture_loop'} | Frame capture returned no data
2025-08-31 22:53:35.825 | WARNING  | obscam.core.capture_loop:_capture_worker:168 | {'module': 'capture_loop'} | Frame capture returned no data
2025-08-31 22:53:36.051 | WARNING  | obscam.core.capture_loop:_capture_worker:168 | {'module': 'capture_loop'} | Frame capture returned no data
2025-08-31 22:53:36.276 | WARNING  | obscam.core.capture_loop:_capture_worker:168 | {'module': 'capture_loop'} | Frame capture returned no data
2025-08-31 22:53:36.497 | WARNING  | obscam.core.capture_loop:_capture_worker:168 | {'module': 'capture_loop'} | Frame capture returned no data
2025-08-31 22:53:36.720 | WARNING  | obscam.core.capture_loop:_capture_worker:168 | {'module': 'capture_loop'} | Frame capture returned no data
2025-08-31 22:53:36.945 | WARNING  | obscam.core.capture_loop:_capture_worker:168 | {'module': 'capture_loop'} | Frame capture returned no data
2025-08-31 22:53:37.177 | WARNING  | obscam.core.capture_loop:_capture_worker:168 | {'module': 'capture_loop'} | Frame capture returned no data
2025-08-31 22:53:37.400 | WARNING  | obscam.core.capture_loop:_capture_worker:168 | {'module': 'capture_loop'} | Frame capture returned no data
2025-08-31 22:53:37.624 | WARNING  | obscam.core.capture_loop:_capture_worker:168 | {'module': 'capture_loop'} | Frame capture returned no data
2025-08-31 22:53:37.849 | WARNING  | obscam.core.capture_loop:_capture_worker:168 | {'module': 'capture_loop'} | Frame capture returned no data
2025-08-31 22:53:38.072 | WARNING  | obscam.core.capture_loop:_capture_worker:168 | {'module': 'capture_loop'} | Frame capture returned no data
2025-08-31 22:53:38.294 | WARNING  | obscam.core.capture_loop:_capture_worker:168 | {'module': 'capture_loop'} | Frame capture returned no data
2025-08-31 22:53:38.519 | WARNING  | obscam.core.capture_loop:_capture_worker:168 | {'module': 'capture_loop'} | Frame capture returned no data
2025-08-31 22:53:38.741 | WARNING  | obscam.core.capture_loop:_capture_worker:168 | {'module': 'capture_loop'} | Frame capture returned no data
2025-08-31 22:53:38.967 | WARNING  | obscam.core.capture_loop:_capture_worker:168 | {'module': 'capture_loop'} | Frame capture returned no data
2025-08-31 22:53:39.193 | WARNING  | obscam.core.capture_loop:_capture_worker:168 | {'module': 'capture_loop'} | Frame capture returned no data
2025-08-31 22:53:39.417 | WARNING  | obscam.core.capture_loop:_capture_worker:168 | {'module': 'capture_loop'} | Frame capture returned no data
2025-08-31 22:53:39.643 | WARNING  | obscam.core.capture_loop:_capture_worker:168 | {'module': 'capture_loop'} | Frame capture returned no data
2025-08-31 22:53:39.868 | WARNING  | obscam.core.capture_loop:_capture_worker:168 | {'module': 'capture_loop'} | Frame capture returned no data
2025-08-31 22:53:40.093 | WARNING  | obscam.core.capture_loop:_capture_worker:168 | {'module': 'capture_loop'} | Frame capture returned no data
2025-08-31 22:53:40.318 | WARNING  | obscam.core.capture_loop:_capture_worker:168 | {'module': 'capture_loop'} | Frame capture returned no data
2025-08-31 22:53:40.539 | WARNING  | obscam.core.capture_loop:_capture_worker:168 | {'module': 'capture_loop'} | Frame capture returned no data
2025-08-31 22:53:40.764 | WARNING  | obscam.core.capture_loop:_capture_worker:168 | {'module': 'capture_loop'} | Frame capture returned no data
2025-08-31 22:53:40.987 | WARNING  | obscam.core.capture_loop:_capture_worker:168 | {'module': 'capture_loop'} | Frame capture returned no data
2025-08-31 22:53:41.213 | WARNING  | obscam.core.capture_loop:_capture_worker:168 | {'module': 'capture_loop'} | Frame capture returned no data
2025-08-31 22:53:41.439 | WARNING  | obscam.core.capture_loop:_capture_worker:168 | {'module': 'capture_loop'} | Frame capture returned no data
2025-08-31 22:53:41.660 | WARNING  | obscam.core.capture_loop:_capture_worker:168 | {'module': 'capture_loop'} | Frame capture returned no data
2025-08-31 22:53:41.883 | WARNING  | obscam.core.capture_loop:_capture_worker:168 | {'module': 'capture_loop'} | Frame capture returned no data
2025-08-31 22:53:42.108 | WARNING  | obscam.core.capture_loop:_capture_worker:168 | {'module': 'capture_loop'} | Frame capture returned no data
2025-08-31 22:53:42.332 | WARNING  | obscam.core.capture_loop:_capture_worker:168 | {'module': 'capture_loop'} | Frame capture returned no data
2025-08-31 22:53:42.556 | WARNING  | obscam.core.capture_loop:_capture_worker:168 | {'module': 'capture_loop'} | Frame capture returned no data
2025-08-31 22:53:42.783 | WARNING  | obscam.core.capture_loop:_capture_worker:168 | {'module': 'capture_loop'} | Frame capture returned no data
2025-08-31 22:53:43.004 | WARNING  | obscam.core.capture_loop:_capture_worker:168 | {'module': 'capture_loop'} | Frame capture returned no data
2025-08-31 22:53:43.228 | WARNING  | obscam.core.capture_loop:_capture_worker:168 | {'module': 'capture_loop'} | Frame capture returned no data
2025-08-31 22:53:43.449 | WARNING  | obscam.core.capture_loop:_capture_worker:168 | {'module': 'capture_loop'} | Frame capture returned no data
2025-08-31 22:53:43.675 | WARNING  | obscam.core.capture_loop:_capture_worker:168 | {'module': 'capture_loop'} | Frame capture returned no data
2025-08-31 22:53:43.899 | WARNING  | obscam.core.capture_loop:_capture_worker:168 | {'module': 'capture_loop'} | Frame capture returned no data
2025-08-31 22:53:44.124 | WARNING  | obscam.core.capture_loop:_capture_worker:168 | {'module': 'capture_loop'} | Frame capture returned no data
2025-08-31 22:53:44.347 | WARNING  | obscam.core.capture_loop:_capture_worker:168 | {'module': 'capture_loop'} | Frame capture returned no data
2025-08-31 22:53:44.571 | WARNING  | obscam.core.capture_loop:_capture_worker:168 | {'module': 'capture_loop'} | Frame capture returned no data
2025-08-31 22:53:44.792 | WARNING  | obscam.core.capture_loop:_capture_worker:168 | {'module': 'capture_loop'} | Frame capture returned no data
2025-08-31 22:53:45.017 | WARNING  | obscam.core.capture_loop:_capture_worker:168 | {'module': 'capture_loop'} | Frame capture returned no data
2025-08-31 22:53:45.239 | WARNING  | obscam.core.capture_loop:_capture_worker:168 | {'module': 'capture_loop'} | Frame capture returned no data
2025-08-31 22:53:45.461 | WARNING  | obscam.core.capture_loop:_capture_worker:168 | {'module': 'capture_loop'} | Frame capture returned no data
2025-08-31 22:53:45.685 | WARNING  | obscam.core.capture_loop:_capture_worker:168 | {'module': 'capture_loop'} | Frame capture returned no data
2025-08-31 22:53:45.911 | WARNING  | obscam.core.capture_loop:_capture_worker:168 | {'module': 'capture_loop'} | Frame capture returned no data
2025-08-31 22:53:46.136 | WARNING  | obscam.core.capture_loop:_capture_worker:168 | {'module': 'capture_loop'} | Frame capture returned no data
2025-08-31 22:53:46.361 | WARNING  | obscam.core.capture_loop:_capture_worker:168 | {'module': 'capture_loop'} | Frame capture returned no data
2025-08-31 22:53:46.589 | WARNING  | obscam.core.capture_loop:_capture_worker:168 | {'module': 'capture_loop'} | Frame capture returned no data
2025-08-31 22:53:46.811 | WARNING  | obscam.core.capture_loop:_capture_worker:168 | {'module': 'capture_loop'} | Frame capture returned no data
2025-08-31 22:53:47.035 | WARNING  | obscam.core.capture_loop:_capture_worker:168 | {'module': 'capture_loop'} | Frame capture returned no data
2025-08-31 22:53:47.260 | WARNING  | obscam.core.capture_loop:_capture_worker:168 | {'module': 'capture_loop'} | Frame capture returned no data
2025-08-31 22:53:47.486 | WARNING  | obscam.core.capture_loop:_capture_worker:168 | {'module': 'capture_loop'} | Frame capture returned no data
2025-08-31 22:53:47.711 | WARNING  | obscam.core.capture_loop:_capture_worker:168 | {'module': 'capture_loop'} | Frame capture returned no data
2025-08-31 22:53:47.936 | WARNING  | obscam.core.capture_loop:_capture_worker:168 | {'module': 'capture_loop'} | Frame capture returned no data
2025-08-31 22:53:48.159 | WARNING  | obscam.core.capture_loop:_capture_worker:168 | {'module': 'capture_loop'} | Frame capture returned no data
2025-08-31 22:53:48.383 | WARNING  | obscam.core.capture_loop:_capture_worker:168 | {'module': 'capture_loop'} | Frame capture returned no data
2025-08-31 22:53:48.606 | WARNING  | obscam.core.capture_loop:_capture_worker:168 | {'module': 'capture_loop'} | Frame capture returned no data
2025-08-31 22:53:48.828 | WARNING  | obscam.core.capture_loop:_capture_worker:168 | {'module': 'capture_loop'} | Frame capture returned no data
2025-08-31 22:53:49.050 | WARNING  | obscam.core.capture_loop:_capture_worker:168 | {'module': 'capture_loop'} | Frame capture returned no data
2025-08-31 22:53:49.276 | WARNING  | obscam.core.capture_loop:_capture_worker:168 | {'module': 'capture_loop'} | Frame capture returned no data
2025-08-31 22:53:49.501 | WARNING  | obscam.core.capture_loop:_capture_worker:168 | {'module': 'capture_loop'} | Frame capture returned no data
2025-08-31 22:53:49.722 | WARNING  | obscam.core.capture_loop:_capture_worker:168 | {'module': 'capture_loop'} | Frame capture returned no data
2025-08-31 22:53:49.943 | WARNING  | obscam.core.capture_loop:_capture_worker:168 | {'module': 'capture_loop'} | Frame capture returned no data
2025-08-31 22:53:50.165 | WARNING  | obscam.core.capture_loop:_capture_worker:168 | {'module': 'capture_loop'} | Frame capture returned no data
2025-08-31 22:53:50.388 | WARNING  | obscam.core.capture_loop:_capture_worker:168 | {'module': 'capture_loop'} | Frame capture returned no data
2025-08-31 22:53:50.611 | WARNING  | obscam.core.capture_loop:_capture_worker:168 | {'module': 'capture_loop'} | Frame capture returned no data
2025-08-31 22:53:50.837 | WARNING  | obscam.core.capture_loop:_capture_worker:168 | {'module': 'capture_loop'} | Frame capture returned no data
2025-08-31 22:53:51.060 | WARNING  | obscam.core.capture_loop:_capture_worker:168 | {'module': 'capture_loop'} | Frame capture returned no data
2025-08-31 22:53:51.282 | WARNING  | obscam.core.capture_loop:_capture_worker:168 | {'module': 'capture_loop'} | Frame capture returned no data
2025-08-31 22:53:51.508 | WARNING  | obscam.core.capture_loop:_capture_worker:168 | {'module': 'capture_loop'} | Frame capture returned no data
2025-08-31 22:53:51.730 | WARNING  | obscam.core.capture_loop:_capture_worker:168 | {'module': 'capture_loop'} | Frame capture returned no data
2025-08-31 22:53:51.951 | WARNING  | obscam.core.capture_loop:_capture_worker:168 | {'module': 'capture_loop'} | Frame capture returned no data
2025-08-31 22:53:52.175 | WARNING  | obscam.core.capture_loop:_capture_worker:168 | {'module': 'capture_loop'} | Frame capture returned no data
2025-08-31 22:53:52.399 | WARNING  | obscam.core.capture_loop:_capture_worker:168 | {'module': 'capture_loop'} | Frame capture returned no data
2025-08-31 22:53:52.623 | WARNING  | obscam.core.capture_loop:_capture_worker:168 | {'module': 'capture_loop'} | Frame capture returned no data
2025-08-31 22:53:52.848 | WARNING  | obscam.core.capture_loop:_capture_worker:168 | {'module': 'capture_loop'} | Frame capture returned no data
2025-08-31 22:53:53.070 | WARNING  | obscam.core.capture_loop:_capture_worker:168 | {'module': 'capture_loop'} | Frame capture returned no data
2025-08-31 22:53:53.295 | WARNING  | obscam.core.capture_loop:_capture_worker:168 | {'module': 'capture_loop'} | Frame capture returned no data
2025-08-31 22:53:53.521 | WARNING  | obscam.core.capture_loop:_capture_worker:168 | {'module': 'capture_loop'} | Frame capture returned no data
2025-08-31 22:53:53.746 | WARNING  | obscam.core.capture_loop:_capture_worker:168 | {'module': 'capture_loop'} | Frame capture returned no data
2025-08-31 22:53:53.968 | WARNING  | obscam.core.capture_loop:_capture_worker:168 | {'module': 'capture_loop'} | Frame capture returned no data
2025-08-31 22:53:54.194 | WARNING  | obscam.core.capture_loop:_capture_worker:168 | {'module': 'capture_loop'} | Frame capture returned no data
2025-08-31 22:53:54.415 | WARNING  | obscam.core.capture_loop:_capture_worker:168 | {'module': 'capture_loop'} | Frame capture returned no data
2025-08-31 22:53:54.638 | WARNING  | obscam.core.capture_loop:_capture_worker:168 | {'module': 'capture_loop'} | Frame capture returned no data
2025-08-31 22:53:54.863 | WARNING  | obscam.core.capture_loop:_capture_worker:168 | {'module': 'capture_loop'} | Frame capture returned no data
2025-08-31 22:53:55.088 | WARNING  | obscam.core.capture_loop:_capture_worker:168 | {'module': 'capture_loop'} | Frame capture returned no data
2025-08-31 22:53:55.314 | WARNING  | obscam.core.capture_loop:_capture_worker:168 | {'module': 'capture_loop'} | Frame capture returned no data
2025-08-31 22:53:55.540 | WARNING  | obscam.core.capture_loop:_capture_worker:168 | {'module': 'capture_loop'} | Frame capture returned no data
2025-08-31 22:53:55.762 | WARNING  | obscam.core.capture_loop:_capture_worker:168 | {'module': 'capture_loop'} | Frame capture returned no data
2025-08-31 22:53:55.984 | WARNING  | obscam.core.capture_loop:_capture_worker:168 | {'module': 'capture_loop'} | Frame capture returned no data
2025-08-31 22:53:56.204 | WARNING  | obscam.core.capture_loop:_capture_worker:168 | {'module': 'capture_loop'} | Frame capture returned no data
2025-08-31 22:53:56.428 | WARNING  | obscam.core.capture_loop:_capture_worker:168 | {'module': 'capture_loop'} | Frame capture returned no data
2025-08-31 22:53:56.652 | WARNING  | obscam.core.capture_loop:_capture_worker:168 | {'module': 'capture_loop'} | Frame capture returned no data
2025-08-31 22:53:56.880 | WARNING  | obscam.core.capture_loop:_capture_worker:168 | {'module': 'capture_loop'} | Frame capture returned no data
2025-08-31 22:53:57.104 | WARNING  | obscam.core.capture_loop:_capture_worker:168 | {'module': 'capture_loop'} | Frame capture returned no data
2025-08-31 22:53:57.329 | WARNING  | obscam.core.capture_loop:_capture_worker:168 | {'module': 'capture_loop'} | Frame capture returned no data
2025-08-31 22:53:57.554 | WARNING  | obscam.core.capture_loop:_capture_worker:168 | {'module': 'capture_loop'} | Frame capture returned no data
2025-08-31 22:53:57.781 | WARNING  | obscam.core.capture_loop:_capture_worker:168 | {'module': 'capture_loop'} | Frame capture returned no data
2025-08-31 22:53:58.005 | WARNING  | obscam.core.capture_loop:_capture_worker:168 | {'module': 'capture_loop'} | Frame capture returned no data
2025-08-31 22:53:58.232 | WARNING  | obscam.core.capture_loop:_capture_worker:168 | {'module': 'capture_loop'} | Frame capture returned no data
2025-08-31 22:53:58.454 | WARNING  | obscam.core.capture_loop:_capture_worker:168 | {'module': 'capture_loop'} | Frame capture returned no data
2025-08-31 22:53:58.679 | WARNING  | obscam.core.capture_loop:_capture_worker:168 | {'module': 'capture_loop'} | Frame capture returned no data
2025-08-31 22:53:58.904 | WARNING  | obscam.core.capture_loop:_capture_worker:168 | {'module': 'capture_loop'} | Frame capture returned no data
2025-08-31 22:53:59.126 | WARNING  | obscam.core.capture_loop:_capture_worker:168 | {'module': 'capture_loop'} | Frame capture returned no data
2025-08-31 22:53:59.350 | WARNING  | obscam.core.capture_loop:_capture_worker:168 | {'module': 'capture_loop'} | Frame capture returned no data
2025-08-31 22:53:59.576 | WARNING  | obscam.core.capture_loop:_capture_worker:168 | {'module': 'capture_loop'} | Frame capture returned no data
2025-08-31 22:53:59.800 | WARNING  | obscam.core.capture_loop:_capture_worker:168 | {'module': 'capture_loop'} | Frame capture returned no data
2025-08-31 22:54:00.025 | WARNING  | obscam.core.capture_loop:_capture_worker:168 | {'module': 'capture_loop'} | Frame capture returned no data
2025-08-31 22:54:00.248 | WARNING  | obscam.core.capture_loop:_capture_worker:168 | {'module': 'capture_loop'} | Frame capture returned no data
2025-08-31 22:54:00.474 | WARNING  | obscam.core.capture_loop:_capture_worker:168 | {'module': 'capture_loop'} | Frame capture returned no data
2025-08-31 22:54:00.700 | WARNING  | obscam.core.capture_loop:_capture_worker:168 | {'module': 'capture_loop'} | Frame capture returned no data
2025-08-31 22:54:00.923 | WARNING  | obscam.core.capture_loop:_capture_worker:168 | {'module': 'capture_loop'} | Frame capture returned no data
2025-08-31 22:54:01.147 | WARNING  | obscam.core.capture_loop:_capture_worker:168 | {'module': 'capture_loop'} | Frame capture returned no data
2025-08-31 22:54:01.372 | WARNING  | obscam.core.capture_loop:_capture_worker:168 | {'module': 'capture_loop'} | Frame capture returned no data
2025-08-31 22:54:01.602 | WARNING  | obscam.core.capture_loop:_capture_worker:168 | {'module': 'capture_loop'} | Frame capture returned no data
2025-08-31 22:54:01.824 | WARNING  | obscam.core.capture_loop:_capture_worker:168 | {'module': 'capture_loop'} | Frame capture returned no data
2025-08-31 22:54:02.049 | WARNING  | obscam.core.capture_loop:_capture_worker:168 | {'module': 'capture_loop'} | Frame capture returned no data
2025-08-31 22:54:02.273 | WARNING  | obscam.core.capture_loop:_capture_worker:168 | {'module': 'capture_loop'} | Frame capture returned no data
2025-08-31 22:54:02.498 | WARNING  | obscam.core.capture_loop:_capture_worker:168 | {'module': 'capture_loop'} | Frame capture returned no data
2025-08-31 22:54:02.719 | WARNING  | obscam.core.capture_loop:_capture_worker:168 | {'module': 'capture_loop'} | Frame capture returned no data
2025-08-31 22:54:02.945 | WARNING  | obscam.core.capture_loop:_capture_worker:168 | {'module': 'capture_loop'} | Frame capture returned no data
2025-08-31 22:54:03.171 | WARNING  | obscam.core.capture_loop:_capture_worker:168 | {'module': 'capture_loop'} | Frame capture returned no data
2025-08-31 22:54:03.395 | WARNING  | obscam.core.capture_loop:_capture_worker:168 | {'module': 'capture_loop'} | Frame capture returned no data
2025-08-31 22:54:03.619 | WARNING  | obscam.core.capture_loop:_capture_worker:168 | {'module': 'capture_loop'} | Frame capture returned no data
2025-08-31 22:54:03.843 | WARNING  | obscam.core.capture_loop:_capture_worker:168 | {'module': 'capture_loop'} | Frame capture returned no data
2025-08-31 22:54:04.069 | WARNING  | obscam.core.capture_loop:_capture_worker:168 | {'module': 'capture_loop'} | Frame capture returned no data
2025-08-31 22:54:04.293 | WARNING  | obscam.core.capture_loop:_capture_worker:168 | {'module': 'capture_loop'} | Frame capture returned no data
2025-08-31 22:54:04.517 | WARNING  | obscam.core.capture_loop:_capture_worker:168 | {'module': 'capture_loop'} | Frame capture returned no data
2025-08-31 22:54:04.741 | WARNING  | obscam.core.capture_loop:_capture_worker:168 | {'module': 'capture_loop'} | Frame capture returned no data
2025-08-31 22:54:04.967 | WARNING  | obscam.core.capture_loop:_capture_worker:168 | {'module': 'capture_loop'} | Frame capture returned no data
2025-08-31 22:54:05.193 | WARNING  | obscam.core.capture_loop:_capture_worker:168 | {'module': 'capture_loop'} | Frame capture returned no data
2025-08-31 22:54:05.420 | WARNING  | obscam.core.capture_loop:_capture_worker:168 | {'module': 'capture_loop'} | Frame capture returned no data
2025-08-31 22:54:05.643 | WARNING  | obscam.core.capture_loop:_capture_worker:168 | {'module': 'capture_loop'} | Frame capture returned no data
2025-08-31 22:54:05.868 | WARNING  | obscam.core.capture_loop:_capture_worker:168 | {'module': 'capture_loop'} | Frame capture returned no data
2025-08-31 22:54:06.093 | WARNING  | obscam.core.capture_loop:_capture_worker:168 | {'module': 'capture_loop'} | Frame capture returned no data
2025-08-31 22:54:06.318 | WARNING  | obscam.core.capture_loop:_capture_worker:168 | {'module': 'capture_loop'} | Frame capture returned no data
2025-08-31 22:54:06.539 | WARNING  | obscam.core.capture_loop:_capture_worker:168 | {'module': 'capture_loop'} | Frame capture returned no data
2025-08-31 22:54:06.765 | WARNING  | obscam.core.capture_loop:_capture_worker:168 | {'module': 'capture_loop'} | Frame capture returned no data
2025-08-31 22:54:06.987 | WARNING  | obscam.core.capture_loop:_capture_worker:168 | {'module': 'capture_loop'} | Frame capture returned no data
2025-08-31 22:54:07.214 | WARNING  | obscam.core.capture_loop:_capture_worker:168 | {'module': 'capture_loop'} | Frame capture returned no data
2025-08-31 22:54:07.434 | WARNING  | obscam.core.capture_loop:_capture_worker:168 | {'module': 'capture_loop'} | Frame capture returned no data
2025-08-31 22:54:07.660 | WARNING  | obscam.core.capture_loop:_capture_worker:168 | {'module': 'capture_loop'} | Frame capture returned no data
2025-08-31 22:54:07.886 | WARNING  | obscam.core.capture_loop:_capture_worker:168 | {'module': 'capture_loop'} | Frame capture returned no data
2025-08-31 22:54:08.111 | WARNING  | obscam.core.capture_loop:_capture_worker:168 | {'module': 'capture_loop'} | Frame capture returned no data
2025-08-31 22:54:08.337 | WARNING  | obscam.core.capture_loop:_capture_worker:168 | {'module': 'capture_loop'} | Frame capture returned no data
2025-08-31 22:54:08.580 | WARNING  | obscam.core.capture_loop:_capture_worker:168 | {'module': 'capture_loop'} | Frame capture returned no data
2025-08-31 22:54:08.806 | WARNING  | obscam.core.capture_loop:_capture_worker:168 | {'module': 'capture_loop'} | Frame capture returned no data
2025-08-31 22:54:09.030 | WARNING  | obscam.core.capture_loop:_capture_worker:168 | {'module': 'capture_loop'} | Frame capture returned no data
2025-08-31 22:54:09.256 | WARNING  | obscam.core.capture_loop:_capture_worker:168 | {'module': 'capture_loop'} | Frame capture returned no data
2025-08-31 22:54:09.478 | WARNING  | obscam.core.capture_loop:_capture_worker:168 | {'module': 'capture_loop'} | Frame capture returned no data
2025-08-31 22:54:09.701 | WARNING  | obscam.core.capture_loop:_capture_worker:168 | {'module': 'capture_loop'} | Frame capture returned no data
2025-08-31 22:54:09.927 | WARNING  | obscam.core.capture_loop:_capture_worker:168 | {'module': 'capture_loop'} | Frame capture returned no data
2025-08-31 22:54:10.150 | WARNING  | obscam.core.capture_loop:_capture_worker:168 | {'module': 'capture_loop'} | Frame capture returned no data
2025-08-31 22:54:10.375 | WARNING  | obscam.core.capture_loop:_capture_worker:168 | {'module': 'capture_loop'} | Frame capture returned no data
2025-08-31 22:54:10.598 | WARNING  | obscam.core.capture_loop:_capture_worker:168 | {'module': 'capture_loop'} | Frame capture returned no data
2025-08-31 22:54:10.823 | WARNING  | obscam.core.capture_loop:_capture_worker:168 | {'module': 'capture_loop'} | Frame capture returned no data
2025-08-31 22:54:11.048 | WARNING  | obscam.core.capture_loop:_capture_worker:168 | {'module': 'capture_loop'} | Frame capture returned no data
2025-08-31 22:54:11.271 | WARNING  | obscam.core.capture_loop:_capture_worker:168 | {'module': 'capture_loop'} | Frame capture returned no data
2025-08-31 22:54:11.496 | WARNING  | obscam.core.capture_loop:_capture_worker:168 | {'module': 'capture_loop'} | Frame capture returned no data
2025-08-31 22:54:11.718 | WARNING  | obscam.core.capture_loop:_capture_worker:168 | {'module': 'capture_loop'} | Frame capture returned no data
2025-08-31 22:54:11.940 | WARNING  | obscam.core.capture_loop:_capture_worker:168 | {'module': 'capture_loop'} | Frame capture returned no data
2025-08-31 22:54:12.166 | WARNING  | obscam.core.capture_loop:_capture_worker:168 | {'module': 'capture_loop'} | Frame capture returned no data
2025-08-31 22:54:12.390 | WARNING  | obscam.core.capture_loop:_capture_worker:168 | {'module': 'capture_loop'} | Frame capture returned no data
2025-08-31 22:54:12.614 | WARNING  | obscam.core.capture_loop:_capture_worker:168 | {'module': 'capture_loop'} | Frame capture returned no data
2025-08-31 22:54:12.842 | WARNING  | obscam.core.capture_loop:_capture_worker:168 | {'module': 'capture_loop'} | Frame capture returned no data
2025-08-31 22:54:13.067 | WARNING  | obscam.core.capture_loop:_capture_worker:168 | {'module': 'capture_loop'} | Frame capture returned no data
2025-08-31 22:54:13.294 | WARNING  | obscam.core.capture_loop:_capture_worker:168 | {'module': 'capture_loop'} | Frame capture returned no data
2025-08-31 22:54:13.519 | WARNING  | obscam.core.capture_loop:_capture_worker:168 | {'module': 'capture_loop'} | Frame capture returned no data
2025-08-31 22:54:13.744 | WARNING  | obscam.core.capture_loop:_capture_worker:168 | {'module': 'capture_loop'} | Frame capture returned no data
2025-08-31 22:54:13.968 | WARNING  | obscam.core.capture_loop:_capture_worker:168 | {'module': 'capture_loop'} | Frame capture returned no data
2025-08-31 22:54:14.195 | WARNING  | obscam.core.capture_loop:_capture_worker:168 | {'module': 'capture_loop'} | Frame capture returned no data
2025-08-31 22:54:14.420 | WARNING  | obscam.core.capture_loop:_capture_worker:168 | {'module': 'capture_loop'} | Frame capture returned no data
2025-08-31 22:54:14.646 | WARNING  | obscam.core.capture_loop:_capture_worker:168 | {'module': 'capture_loop'} | Frame capture returned no data
2025-08-31 22:54:14.869 | WARNING  | obscam.core.capture_loop:_capture_worker:168 | {'module': 'capture_loop'} | Frame capture returned no data
2025-08-31 22:54:15.092 | WARNING  | obscam.core.capture_loop:_capture_worker:168 | {'module': 'capture_loop'} | Frame capture returned no data
2025-08-31 22:54:15.317 | WARNING  | obscam.core.capture_loop:_capture_worker:168 | {'module': 'capture_loop'} | Frame capture returned no data
2025-08-31 22:54:15.544 | WARNING  | obscam.core.capture_loop:_capture_worker:168 | {'module': 'capture_loop'} | Frame capture returned no data
2025-08-31 22:54:15.767 | WARNING  | obscam.core.capture_loop:_capture_worker:168 | {'module': 'capture_loop'} | Frame capture returned no data
2025-08-31 22:54:15.992 | WARNING  | obscam.core.capture_loop:_capture_worker:168 | {'module': 'capture_loop'} | Frame capture returned no data
2025-08-31 22:54:16.219 | WARNING  | obscam.core.capture_loop:_capture_worker:168 | {'module': 'capture_loop'} | Frame capture returned no data
2025-08-31 22:54:16.443 | WARNING  | obscam.core.capture_loop:_capture_worker:168 | {'module': 'capture_loop'} | Frame capture returned no data
2025-08-31 22:54:16.668 | WARNING  | obscam.core.capture_loop:_capture_worker:168 | {'module': 'capture_loop'} | Frame capture returned no data
2025-08-31 22:54:16.889 | WARNING  | obscam.core.capture_loop:_capture_worker:168 | {'module': 'capture_loop'} | Frame capture returned no data
2025-08-31 22:54:17.117 | WARNING  | obscam.core.capture_loop:_capture_worker:168 | {'module': 'capture_loop'} | Frame capture returned no data
2025-08-31 22:54:17.339 | WARNING  | obscam.core.capture_loop:_capture_worker:168 | {'module': 'capture_loop'} | Frame capture returned no data
2025-08-31 22:54:17.564 | WARNING  | obscam.core.capture_loop:_capture_worker:168 | {'module': 'capture_loop'} | Frame capture returned no data
2025-08-31 22:54:17.791 | WARNING  | obscam.core.capture_loop:_capture_worker:168 | {'module': 'capture_loop'} | Frame capture returned no data
2025-08-31 22:54:18.014 | WARNING  | obscam.core.capture_loop:_capture_worker:168 | {'module': 'capture_loop'} | Frame capture returned no data
2025-08-31 22:54:18.238 | WARNING  | obscam.core.capture_loop:_capture_worker:168 | {'module': 'capture_loop'} | Frame capture returned no data
2025-08-31 22:54:18.461 | WARNING  | obscam.core.capture_loop:_capture_worker:168 | {'module': 'capture_loop'} | Frame capture returned no data
2025-08-31 22:54:18.687 | WARNING  | obscam.core.capture_loop:_capture_worker:168 | {'module': 'capture_loop'} | Frame capture returned no data
2025-08-31 22:54:18.911 | WARNING  | obscam.core.capture_loop:_capture_worker:168 | {'module': 'capture_loop'} | Frame capture returned no data
2025-08-31 22:54:19.137 | WARNING  | obscam.core.capture_loop:_capture_worker:168 | {'module': 'capture_loop'} | Frame capture returned no data
2025-08-31 22:54:19.362 | WARNING  | obscam.core.capture_loop:_capture_worker:168 | {'module': 'capture_loop'} | Frame capture returned no data
2025-08-31 22:54:19.586 | WARNING  | obscam.core.capture_loop:_capture_worker:168 | {'module': 'capture_loop'} | Frame capture returned no data
2025-08-31 22:54:19.811 | WARNING  | obscam.core.capture_loop:_capture_worker:168 | {'module': 'capture_loop'} | Frame capture returned no data
2025-08-31 22:54:20.036 | WARNING  | obscam.core.capture_loop:_capture_worker:168 | {'module': 'capture_loop'} | Frame capture returned no data
2025-08-31 22:54:20.261 | WARNING  | obscam.core.capture_loop:_capture_worker:168 | {'module': 'capture_loop'} | Frame capture returned no data
2025-08-31 22:54:20.487 | WARNING  | obscam.core.capture_loop:_capture_worker:168 | {'module': 'capture_loop'} | Frame capture returned no data
2025-08-31 22:54:20.712 | WARNING  | obscam.core.capture_loop:_capture_worker:168 | {'module': 'capture_loop'} | Frame capture returned no data
2025-08-31 22:54:20.938 | WARNING  | obscam.core.capture_loop:_capture_worker:168 | {'module': 'capture_loop'} | Frame capture returned no data
2025-08-31 22:54:21.163 | WARNING  | obscam.core.capture_loop:_capture_worker:168 | {'module': 'capture_loop'} | Frame capture returned no data
2025-08-31 22:54:21.389 | WARNING  | obscam.core.capture_loop:_capture_worker:168 | {'module': 'capture_loop'} | Frame capture returned no data
2025-08-31 22:54:21.614 | WARNING  | obscam.core.capture_loop:_capture_worker:168 | {'module': 'capture_loop'} | Frame capture returned no data
2025-08-31 22:54:21.837 | WARNING  | obscam.core.capture_loop:_capture_worker:168 | {'module': 'capture_loop'} | Frame capture returned no data
2025-08-31 22:54:22.063 | WARNING  | obscam.core.capture_loop:_capture_worker:168 | {'module': 'capture_loop'} | Frame capture returned no data
2025-08-31 22:54:22.290 | WARNING  | obscam.core.capture_loop:_capture_worker:168 | {'module': 'capture_loop'} | Frame capture returned no data
2025-08-31 22:54:22.517 | WARNING  | obscam.core.capture_loop:_capture_worker:168 | {'module': 'capture_loop'} | Frame capture returned no data
2025-08-31 22:54:22.741 | WARNING  | obscam.core.capture_loop:_capture_worker:168 | {'module': 'capture_loop'} | Frame capture returned no data
2025-08-31 22:54:22.964 | WARNING  | obscam.core.capture_loop:_capture_worker:168 | {'module': 'capture_loop'} | Frame capture returned no data
2025-08-31 22:54:23.190 | WARNING  | obscam.core.capture_loop:_capture_worker:168 | {'module': 'capture_loop'} | Frame capture returned no data
2025-08-31 22:54:23.416 | WARNING  | obscam.core.capture_loop:_capture_worker:168 | {'module': 'capture_loop'} | Frame capture returned no data
2025-08-31 22:54:23.640 | WARNING  | obscam.core.capture_loop:_capture_worker:168 | {'module': 'capture_loop'} | Frame capture returned no data
2025-08-31 22:54:23.867 | WARNING  | obscam.core.capture_loop:_capture_worker:168 | {'module': 'capture_loop'} | Frame capture returned no data
2025-08-31 22:54:24.091 | WARNING  | obscam.core.capture_loop:_capture_worker:168 | {'module': 'capture_loop'} | Frame capture returned no data
2025-08-31 22:54:24.315 | WARNING  | obscam.core.capture_loop:_capture_worker:168 | {'module': 'capture_loop'} | Frame capture returned no data
2025-08-31 22:54:24.538 | WARNING  | obscam.core.capture_loop:_capture_worker:168 | {'module': 'capture_loop'} | Frame capture returned no data
2025-08-31 22:54:24.764 | WARNING  | obscam.core.capture_loop:_capture_worker:168 | {'module': 'capture_loop'} | Frame capture returned no data
2025-08-31 22:54:24.989 | WARNING  | obscam.core.capture_loop:_capture_worker:168 | {'module': 'capture_loop'} | Frame capture returned no data
2025-08-31 22:54:25.210 | WARNING  | obscam.core.capture_loop:_capture_worker:168 | {'module': 'capture_loop'} | Frame capture returned no data
2025-08-31 22:54:25.435 | WARNING  | obscam.core.capture_loop:_capture_worker:168 | {'module': 'capture_loop'} | Frame capture returned no data
2025-08-31 22:54:25.657 | WARNING  | obscam.core.capture_loop:_capture_worker:168 | {'module': 'capture_loop'} | Frame capture returned no data
2025-08-31 22:54:25.881 | WARNING  | obscam.core.capture_loop:_capture_worker:168 | {'module': 'capture_loop'} | Frame capture returned no data
2025-08-31 22:54:34.746 | INFO     | obscam.common.logging_config:setup_logging:71 | {'log_dir': '/Users/gheadley/nas/develop/python/obscam/logs', 'debug_mode': False, 'console_level': 'INFO'} | Logging initialized
2025-08-31 22:54:34.746 | INFO     | obscam:main:20 | {'module': 'main'} | Starting ObsCam with debug_mode=False
2025-08-31 22:54:34.852 | INFO     | obscam.core.camera_factory:get_backend_service:43 | {'module': 'camera_factory'} | Using gphoto2 camera implementation (development mode)
2025-08-31 22:54:34.864 | INFO     | obscam.core.capture_loop:__init__:31 | {'module': 'capture_loop'} | Capture loop initialized
2025-08-31 22:54:34.864 | INFO     | obscam.storage.settings_manager:__init__:30 | {'module': 'settings_manager', 'settings_file': '/tmp/obscam/obscam_settings.json'} | Settings manager initialized
2025-08-31 22:54:34.864 | INFO     | obscam.core.backend_service:__init__:42 | {'module': 'backend_service', 'camera_type': 'Gphoto2Camera', 'cache_dir': '/tmp/obscam'} | Backend service initialized
2025-08-31 22:54:34.864 | INFO     | obscam.core.camera_factory:get_backend_service:54 | {'module': 'camera_factory', 'cache_dir': '/tmp/obscam'} | Backend service created
2025-08-31 22:54:34.864 | INFO     | obscam.api.main:start_server:555 | {'module': 'api_main'} | Starting backend service...
2025-08-31 22:54:34.864 | INFO     | obscam.core.backend_service:start_backend:54 | {'module': 'backend_service'} | Starting camera backend service
2025-08-31 22:54:34.864 | INFO     | obscam.storage.settings_manager:start:44 | {'module': 'settings_manager'} | Settings save worker started
2025-08-31 22:54:35.013 | INFO     | obscam.common.logging_config:log_camera_event:114 | {'event_type': 'connected', 'camera_status': {'status': 'connected', 'camera_model': 'Nikon Zf (via gphoto2)', 'is_color_camera': True, 'current_exposure_ms': 200.0, 'current_gain': 100, 'image_format': 'color', 'shutter_mode': 'Bulb'}} | Camera event
2025-08-31 22:54:35.013 | INFO     | obscam.storage.settings_manager:load_settings:62 | {'module': 'settings_manager', 'settings': {'exposure_ms': 200.0, 'gain': 100, 'wb_r': 100, 'wb_b': 100, 'image_format': 'color', 'timestamp': 1756677196.498604}} | Settings loaded successfully
2025-08-31 22:54:35.013 | INFO     | obscam.core.backend_service:start_backend:72 | {'module': 'backend_service', 'settings': {'exposure_ms': 200.0, 'gain': 100, 'wb_r': 100, 'wb_b': 100, 'image_format': 'color', 'timestamp': 1756677196.498604}} | Applying cached settings
2025-08-31 22:54:35.016 | INFO     | obscam.common.logging_config:log_camera_event:114 | {'event_type': 'settings_applied', 'settings': {'exposure_ms': 200.0, 'gain': 100, 'wb_r': 100, 'wb_b': 100, 'image_format': 'color', 'timestamp': 1756677196.498604}} | Camera event
2025-08-31 22:54:35.018 | INFO     | obscam.core.capture_loop:_capture_worker:107 | {'module': 'capture_loop'} | Capture loop thread started
2025-08-31 22:54:35.018 | INFO     | obscam.common.logging_config:log_camera_event:114 | {'event_type': 'capture_loop_started'} | Camera event
2025-08-31 22:54:35.018 | INFO     | obscam.core.backend_service:start_backend:87 | {'module': 'backend_service'} | Backend service started successfully
2025-08-31 22:54:35.018 | INFO     | obscam.common.logging_config:log_camera_event:114 | {'event_type': 'backend_started', 'status': {'backend_service': 'running', 'continuous_capture': True, 'has_frame': False, 'status': 'connected', 'camera_model': 'Nikon Zf (via gphoto2)', 'is_color_camera': True, 'current_exposure_ms': 200.0, 'current_gain': 100, 'image_format': 'color', 'shutter_mode': 'Unknown'}} | Camera event
2025-08-31 22:54:35.018 | INFO     | obscam.api.main:start_server:557 | {'module': 'api_main'} | Backend service started successfully!
2025-08-31 22:54:35.018 | INFO     | obscam.api.main:start_server:558 | {'module': 'api_main'} | Available endpoints:
2025-08-31 22:54:35.018 | INFO     | obscam.api.main:start_server:559 | {'module': 'api_main'} |   - Main page: http://localhost:8000/
2025-08-31 22:54:35.018 | INFO     | obscam.api.main:start_server:560 | {'module': 'api_main'} |   - Latest frame: http://localhost:8000/api/latest-frame
2025-08-31 22:54:35.018 | INFO     | obscam.api.main:start_server:561 | {'module': 'api_main'} |   - Update settings: POST http://localhost:8000/api/update-settings
2025-08-31 22:54:35.018 | INFO     | obscam.api.main:start_server:564 | {'module': 'api_main'} |   - Status: http://localhost:8000/api/status
2025-08-31 22:54:35.018 | INFO     | obscam.api.main:start_server:569 | {'module': 'api_main'} | Starting web server on port 8000...
2025-08-31 22:54:35.018 | INFO     | obscam.api.main:start_server:570 | {'module': 'api_main'} | Press Ctrl+C to shut down gracefully
2025-08-31 22:54:36.365 | WARNING  | obscam.core.capture_loop:_capture_worker:168 | {'module': 'capture_loop'} | Frame capture returned no data
2025-08-31 22:54:37.599 | WARNING  | obscam.core.capture_loop:_capture_worker:168 | {'module': 'capture_loop'} | Frame capture returned no data
2025-08-31 22:54:38.726 | WARNING  | obscam.core.capture_loop:_capture_worker:168 | {'module': 'capture_loop'} | Frame capture returned no data
2025-08-31 22:54:39.958 | WARNING  | obscam.core.capture_loop:_capture_worker:168 | {'module': 'capture_loop'} | Frame capture returned no data
2025-08-31 22:54:41.127 | WARNING  | obscam.core.capture_loop:_capture_worker:168 | {'module': 'capture_loop'} | Frame capture returned no data
2025-08-31 22:54:42.301 | WARNING  | obscam.core.capture_loop:_capture_worker:168 | {'module': 'capture_loop'} | Frame capture returned no data
2025-08-31 22:54:43.428 | WARNING  | obscam.core.capture_loop:_capture_worker:168 | {'module': 'capture_loop'} | Frame capture returned no data
2025-08-31 22:54:44.612 | WARNING  | obscam.core.capture_loop:_capture_worker:168 | {'module': 'capture_loop'} | Frame capture returned no data
2025-08-31 22:54:45.756 | WARNING  | obscam.core.capture_loop:_capture_worker:168 | {'module': 'capture_loop'} | Frame capture returned no data
2025-08-31 22:54:46.981 | WARNING  | obscam.core.capture_loop:_capture_worker:168 | {'module': 'capture_loop'} | Frame capture returned no data
2025-08-31 22:54:48.132 | WARNING  | obscam.core.capture_loop:_capture_worker:168 | {'module': 'capture_loop'} | Frame capture returned no data
2025-08-31 22:54:49.338 | WARNING  | obscam.core.capture_loop:_capture_worker:168 | {'module': 'capture_loop'} | Frame capture returned no data
2025-08-31 22:54:50.483 | WARNING  | obscam.core.capture_loop:_capture_worker:168 | {'module': 'capture_loop'} | Frame capture returned no data
2025-08-31 22:54:51.678 | WARNING  | obscam.core.capture_loop:_capture_worker:168 | {'module': 'capture_loop'} | Frame capture returned no data
2025-08-31 22:54:52.645 | INFO     | obscam.api.main:shutdown:56 | {'module': 'api_main'} | FastAPI shutdown event triggered
2025-08-31 22:54:52.852 | WARNING  | obscam.core.capture_loop:_capture_worker:168 | {'module': 'capture_loop'} | Frame capture returned no data
2025-08-31 22:54:53.147 | INFO     | obscam.api.main:shutdown:60 | {'module': 'api_main'} | FastAPI shutdown cleanup completed
2025-08-31 22:54:53.147 | INFO     | obscam.api.main:handle_signal:525 | {'module': 'api_main'} | Received signal 2, setting shutdown flag...
2025-08-31 22:54:53.148 | INFO     | obscam.api.main:run_server:539 | {'module': 'api_main'} | Server interrupted by user
2025-08-31 22:54:53.148 | INFO     | obscam.api.main:start_server:576 | {'module': 'api_main'} | Shutting down backend service...
2025-08-31 22:54:53.148 | INFO     | obscam.core.backend_service:shutdown_gracefully:240 | {'module': 'backend_service'} | Performing graceful shutdown of backend service
2025-08-31 22:54:53.149 | INFO     | obscam.storage.settings_manager:_save_settings_to_disk:125 | {'module': 'settings_manager', 'settings': {'exposure_ms': 200.0, 'gain': 100, 'wb_r': 100, 'wb_b': 100, 'image_format': 'color', 'timestamp': 1756677274.864393}} | Settings saved successfully
2025-08-31 22:54:53.150 | INFO     | obscam.core.backend_service:shutdown_gracefully:246 | {'module': 'backend_service'} | Settings saved successfully during shutdown
2025-08-31 22:54:53.150 | INFO     | obscam.core.backend_service:stop_backend:96 | {'module': 'backend_service'} | Stopping backend service
2025-08-31 22:54:53.150 | INFO     | obscam.core.capture_loop:stop:57 | {'module': 'capture_loop'} | Stopping capture loop...
2025-08-31 22:54:54.070 | WARNING  | obscam.core.capture_loop:_capture_worker:168 | {'module': 'capture_loop'} | Frame capture returned no data
2025-08-31 22:54:54.083 | INFO     | obscam.core.capture_loop:_capture_worker:218 | {'module': 'capture_loop', 'final_frame_count': 0} | Capture loop thread ended
2025-08-31 22:54:54.083 | INFO     | obscam.core.capture_loop:stop:70 | {'module': 'capture_loop'} | Capture thread stopped successfully
2025-08-31 22:54:54.083 | INFO     | obscam.common.logging_config:log_camera_event:114 | {'event_type': 'capture_loop_stopped'} | Camera event
2025-08-31 22:54:54.106 | INFO     | obscam.storage.settings_manager:stop:54 | {'module': 'settings_manager'} | Settings save worker stopped
2025-08-31 22:54:54.106 | INFO     | obscam.common.logging_config:log_camera_event:114 | {'event_type': 'backend_stopped'} | Camera event
2025-08-31 22:54:54.106 | INFO     | obscam.core.backend_service:shutdown_gracefully:252 | {'module': 'backend_service'} | Backend service graceful shutdown completed
2025-08-31 22:54:54.106 | INFO     | obscam.api.main:start_server:578 | {'module': 'api_main'} | Shutdown complete. Goodbye!
